[whc.peacefulqode.com/index.html]
[backblue.gif]
[fade.gif]
[index.html]
[whc.peacefulqode.com/templates/six/js/scripts.minf946.js]
[whc.peacefulqode.com/indexed62.html]
[whc.peacefulqode.com/index2a07.html]
[whc.peacefulqode.com/indexac7b.html]
[whc.peacefulqode.com/login.html]
[whc.peacefulqode.com/indexb719.html]
[whc.peacefulqode.com/index3e07.html]
[whc.peacefulqode.com/index1ff1.html]
[whc.peacefulqode.com/index6c6e.html]
[whc.peacefulqode.com/indexfb36.html]
[whc.peacefulqode.com/register.html]
[whc.peacefulqode.com/index59a8.html]
[whc.peacefulqode.com/indexa384.html]
[whc.peacefulqode.com/cart14c8.html]
[whc.peacefulqode.com/index1bad.html]
[whc.peacefulqode.com/index983d.html]
[whc.peacefulqode.com/index28d4.html]
[whc.peacefulqode.com/indexd9af.html]
[whc.peacefulqode.com/index-2.html]
[whc.peacefulqode.com/index0494.html]
[whc.peacefulqode.com/index6e5a.html]
[whc.peacefulqode.com/indexb2fa.html]
[whc.peacefulqode.com/indexfcce.html]
[whc.peacefulqode.com/store.html]
[whc.peacefulqode.com/index26ea.html]
[whc.peacefulqode.com/index6a35.html]
[whc.peacefulqode.com/indexa582.html]
[whc.peacefulqode.com/indexb57d.html]
[whc.peacefulqode.com/cart2029.html]
[whc.peacefulqode.com/indexad1d.html]
[whc.peacefulqode.com/index7fac.html]
[whc.peacefulqode.com/indexac68.html]
[whc.peacefulqode.com/indexc941.html]
[whc.peacefulqode.com/cart7c76.html]
[whc.peacefulqode.com/announcements.html]
[whc.peacefulqode.com/knowledgebase.html]
[whc.peacefulqode.com/password/reset.html]
[whc.peacefulqode.com/submitticket.html]
[whc.peacefulqode.com/announcements/1/Thank-you-for-choosing-WHMCS.html]
[whc.peacefulqode.com/index.html]
[whc.peacefulqode.com/templates/six/fonts/glyphicons-halflings-regular.eot]
[whc.peacefulqode.com/templates/six/fonts/glyphicons-halflings-regulard41d.eot]
[whc.peacefulqode.com/templates/six/fonts/glyphicons-halflings-regular.woff2]
[whc.peacefulqode.com/templates/six/fonts/glyphicons-halflings-regular.woff]
[whc.peacefulqode.com/templates/six/fonts/glyphicons-halflings-regular.ttf]
[whc.peacefulqode.com/templates/six/img/flags.png]
[whc.peacefulqode.com/templates/six/img/flags@2x.png]
[whc.peacefulqode.com/templates/six/img/globe.png]
[whc.peacefulqode.com/assets/img/search.png]
[whc.peacefulqode.com/templates/six/img/worldmap.png]
[whc.peacefulqode.com/assets/img/payment/unknown.png]
[whc.peacefulqode.com/assets/img/payment/visa.png]
[whc.peacefulqode.com/assets/img/payment/mastercard.png]
[whc.peacefulqode.com/assets/img/payment/amex.png]
[whc.peacefulqode.com/assets/img/payment/dinersclub.png]
[whc.peacefulqode.com/assets/img/payment/discover.png]
[whc.peacefulqode.com/assets/img/payment/unionpay.png]
[whc.peacefulqode.com/assets/img/payment/jcb.png]
[whc.peacefulqode.com/assets/img/payment/maestro.png]
[whc.peacefulqode.com/assets/img/payment/forbrugsforeningen.png]
[whc.peacefulqode.com/assets/img/payment/dankort.png]
[whc.peacefulqode.com/templates/six/css/blue.png]
[whc.peacefulqode.com/templates/six/css/blue@2x.png]
[whc.peacefulqode.com/templates/six/css/all.minf946.css]
[whc.peacefulqode.com/assets/webfonts/fa-brands-400.eot]
[whc.peacefulqode.com/assets/webfonts/fa-brands-400d41d.eot]
[whc.peacefulqode.com/assets/webfonts/fa-brands-400.woff2]
[whc.peacefulqode.com/assets/webfonts/fa-brands-400.woff]
[whc.peacefulqode.com/assets/webfonts/fa-brands-400.ttf]
[whc.peacefulqode.com/assets/webfonts/fa-duotone-900.eot]
[whc.peacefulqode.com/assets/webfonts/fa-duotone-900d41d.eot]
[whc.peacefulqode.com/assets/webfonts/fa-duotone-900.woff2]
[whc.peacefulqode.com/assets/webfonts/fa-duotone-900.woff]
[whc.peacefulqode.com/assets/webfonts/fa-duotone-900.ttf]
[whc.peacefulqode.com/assets/webfonts/fa-light-300.eot]
[whc.peacefulqode.com/assets/webfonts/fa-light-300d41d.eot]
[whc.peacefulqode.com/assets/webfonts/fa-light-300.woff2]
[whc.peacefulqode.com/assets/webfonts/fa-light-300.woff]
[whc.peacefulqode.com/assets/webfonts/fa-light-300.ttf]
[whc.peacefulqode.com/assets/webfonts/fa-regular-400.eot]
[whc.peacefulqode.com/assets/webfonts/fa-regular-400d41d.eot]
[whc.peacefulqode.com/assets/webfonts/fa-regular-400.woff2]
[whc.peacefulqode.com/assets/webfonts/fa-regular-400.woff]
[whc.peacefulqode.com/assets/webfonts/fa-regular-400.ttf]
[whc.peacefulqode.com/assets/webfonts/fa-solid-900.eot]
[whc.peacefulqode.com/assets/webfonts/fa-solid-900d41d.eot]
[whc.peacefulqode.com/assets/webfonts/fa-solid-900.woff2]
[whc.peacefulqode.com/assets/webfonts/fa-solid-900.woff]
[whc.peacefulqode.com/assets/webfonts/fa-solid-900.ttf]
[whc.peacefulqode.com/assets/css/fontawesome-all.min.css]
[whc.peacefulqode.com/templates/six/css/custom.css]
[whc.peacefulqode.com/indexed62.html]
[whc.peacefulqode.com/index2a07.html]
[whc.peacefulqode.com/indexac7b.html]
[whc.peacefulqode.com/indexb719.html]
[whc.peacefulqode.com/index3e07.html]
[whc.peacefulqode.com/index1ff1.html]
[whc.peacefulqode.com/index6c6e.html]
[whc.peacefulqode.com/indexfb36.html]
[whc.peacefulqode.com/index59a8.html]
[whc.peacefulqode.com/indexa384.html]
[whc.peacefulqode.com/index1bad.html]
[whc.peacefulqode.com/index983d.html]
[whc.peacefulqode.com/index28d4.html]
[whc.peacefulqode.com/indexd9af.html]
[whc.peacefulqode.com/index0494.html]
[whc.peacefulqode.com/index6e5a.html]
[whc.peacefulqode.com/indexb2fa.html]
[whc.peacefulqode.com/indexfcce.html]
[whc.peacefulqode.com/index26ea.html]
[whc.peacefulqode.com/index6a35.html]
[whc.peacefulqode.com/indexa582.html]
[whc.peacefulqode.com/indexb57d.html]
[whc.peacefulqode.com/indexad1d.html]
[whc.peacefulqode.com/index7fac.html]
[whc.peacefulqode.com/indexac68.html]
[whc.peacefulqode.com/indexc941.html]
[whc.peacefulqode.com/logined62.html]
[whc.peacefulqode.com/login2a07.html]
[whc.peacefulqode.com/loginac7b.html]
[whc.peacefulqode.com/loginb719.html]
[whc.peacefulqode.com/login3e07.html]
[whc.peacefulqode.com/login1ff1.html]
[whc.peacefulqode.com/login6c6e.html]
[whc.peacefulqode.com/loginfb36.html]
[whc.peacefulqode.com/login59a8.html]
[whc.peacefulqode.com/logina384.html]
[whc.peacefulqode.com/login1bad.html]
[whc.peacefulqode.com/login983d.html]
[whc.peacefulqode.com/login28d4.html]
[whc.peacefulqode.com/logind9af.html]
[whc.peacefulqode.com/login0494.html]
[whc.peacefulqode.com/login6e5a.html]
[whc.peacefulqode.com/loginb2fa.html]
[whc.peacefulqode.com/loginfcce.html]
[whc.peacefulqode.com/login26ea.html]
[whc.peacefulqode.com/login6a35.html]
[whc.peacefulqode.com/logina582.html]
[whc.peacefulqode.com/loginb57d.html]
[whc.peacefulqode.com/loginad1d.html]
[whc.peacefulqode.com/login7fac.html]
[whc.peacefulqode.com/loginac68.html]
[whc.peacefulqode.com/loginc941.html]
[whc.peacefulqode.com/login.html]
[whc.peacefulqode.com/registered62.html]
[whc.peacefulqode.com/register2a07.html]
[whc.peacefulqode.com/registerac7b.html]
[whc.peacefulqode.com/registerb719.html]
[whc.peacefulqode.com/register3e07.html]
[whc.peacefulqode.com/register1ff1.html]
[whc.peacefulqode.com/register6c6e.html]
[whc.peacefulqode.com/registerfb36.html]
[whc.peacefulqode.com/register59a8.html]
[whc.peacefulqode.com/registera384.html]
[whc.peacefulqode.com/register1bad.html]
[whc.peacefulqode.com/register983d.html]
[whc.peacefulqode.com/register28d4.html]
[whc.peacefulqode.com/registerd9af.html]
[whc.peacefulqode.com/register0494.html]
[whc.peacefulqode.com/register6e5a.html]
[whc.peacefulqode.com/registerb2fa.html]
[whc.peacefulqode.com/registerfcce.html]
[whc.peacefulqode.com/register26ea.html]
[whc.peacefulqode.com/register6a35.html]
[whc.peacefulqode.com/registera582.html]
[whc.peacefulqode.com/registerb57d.html]
[whc.peacefulqode.com/registerad1d.html]
[whc.peacefulqode.com/register7fac.html]
[whc.peacefulqode.com/registerac68.html]
[whc.peacefulqode.com/registerc941.html]
[whc.peacefulqode.com/assets/js/StatesDropdown.js]
[whc.peacefulqode.com/assets/js/PasswordStrength.js]
[whc.peacefulqode.com/register.html]
[whc.peacefulqode.com/cart928e.html]
[whc.peacefulqode.com/cartce43.html]
[whc.peacefulqode.com/cart0931.html]
[whc.peacefulqode.com/cart2a18.html]
[whc.peacefulqode.com/cart73df.html]
[whc.peacefulqode.com/cart8352.html]
[whc.peacefulqode.com/cart59bd.html]
[whc.peacefulqode.com/cartffb7.html]
[whc.peacefulqode.com/cart5b2e.html]
[whc.peacefulqode.com/cart0446.html]
[whc.peacefulqode.com/cart4cb6.html]
[whc.peacefulqode.com/cart1c01.html]
[whc.peacefulqode.com/cart479c.html]
[whc.peacefulqode.com/cart1a62.html]
[whc.peacefulqode.com/cart3c36.html]
[whc.peacefulqode.com/cart7e78.html]
[whc.peacefulqode.com/cart0973.html]
[whc.peacefulqode.com/cart6c4f.html]
[whc.peacefulqode.com/cart1788.html]
[whc.peacefulqode.com/carta0a9.html]
[whc.peacefulqode.com/carte0ed.html]
[whc.peacefulqode.com/cartfb6c.html]
[whc.peacefulqode.com/cartd0ba.html]
[whc.peacefulqode.com/cart65fc.html]
[whc.peacefulqode.com/cart9665.html]
[whc.peacefulqode.com/cart2dc6.html]
[whc.peacefulqode.com/templates/orderforms/standard_cart/js/scripts.minf946.js]
[whc.peacefulqode.com/cart14c8.html]
[whc.peacefulqode.com/cart0973-2.html]
[whc.peacefulqode.com/indexed62-2.html]
[whc.peacefulqode.com/index2a07-2.html]
[whc.peacefulqode.com/indexac7b-2.html]
[whc.peacefulqode.com/indexb719-2.html]
[whc.peacefulqode.com/index3e07-2.html]
[whc.peacefulqode.com/index1ff1-2.html]
[whc.peacefulqode.com/index6c6e-2.html]
[whc.peacefulqode.com/indexfb36-2.html]
[whc.peacefulqode.com/index59a8-2.html]
[whc.peacefulqode.com/indexa384-2.html]
[whc.peacefulqode.com/index1bad-2.html]
[whc.peacefulqode.com/index983d-2.html]
[whc.peacefulqode.com/index28d4-2.html]
[whc.peacefulqode.com/indexd9af-2.html]
[whc.peacefulqode.com/index0494-2.html]
[whc.peacefulqode.com/index6e5a-2.html]
[whc.peacefulqode.com/indexb2fa-2.html]
[whc.peacefulqode.com/indexfcce-2.html]
[whc.peacefulqode.com/index26ea-2.html]
[whc.peacefulqode.com/index6a35-2.html]
[whc.peacefulqode.com/indexa582-2.html]
[whc.peacefulqode.com/indexb57d-2.html]
[whc.peacefulqode.com/indexad1d-2.html]
[whc.peacefulqode.com/index7fac-2.html]
[whc.peacefulqode.com/indexac68-2.html]
[whc.peacefulqode.com/indexc941-2.html]
[whc.peacefulqode.com/index-2.html]
[whc.peacefulqode.com/storeed62.html]
[whc.peacefulqode.com/store2a07.html]
[whc.peacefulqode.com/storeac7b.html]
[whc.peacefulqode.com/storeb719.html]
[whc.peacefulqode.com/store3e07.html]
[whc.peacefulqode.com/store1ff1.html]
[whc.peacefulqode.com/store6c6e.html]
[whc.peacefulqode.com/storefb36.html]
[whc.peacefulqode.com/store59a8.html]
[whc.peacefulqode.com/storea384.html]
[whc.peacefulqode.com/store1bad.html]
[whc.peacefulqode.com/store983d.html]
[whc.peacefulqode.com/store28d4.html]
[whc.peacefulqode.com/stored9af.html]
[whc.peacefulqode.com/store0494.html]
[whc.peacefulqode.com/store6e5a.html]
[whc.peacefulqode.com/storeb2fa.html]
[whc.peacefulqode.com/storefcce.html]
[whc.peacefulqode.com/store26ea.html]
[whc.peacefulqode.com/store6a35.html]
[whc.peacefulqode.com/storea582.html]
[whc.peacefulqode.com/storeb57d.html]
[whc.peacefulqode.com/storead1d.html]
[whc.peacefulqode.com/store7fac.html]
[whc.peacefulqode.com/storeac68.html]
[whc.peacefulqode.com/storec941.html]
[whc.peacefulqode.com/store.html]
[whc.peacefulqode.com/cartf02c.html]
[whc.peacefulqode.com/cart67bd.html]
[whc.peacefulqode.com/cartaacd.html]
[whc.peacefulqode.com/cart1eee.html]
[whc.peacefulqode.com/cartbdc4.html]
[whc.peacefulqode.com/cart68cd.html]
[whc.peacefulqode.com/cartc40b.html]
[whc.peacefulqode.com/cart840c.html]
[whc.peacefulqode.com/cart812e.html]
[whc.peacefulqode.com/cart4dd8.html]
[whc.peacefulqode.com/cart65b6.html]
[whc.peacefulqode.com/cart1206.html]
[whc.peacefulqode.com/cart1507.html]
[whc.peacefulqode.com/cartc657.html]
[whc.peacefulqode.com/cart906d.html]
[whc.peacefulqode.com/cart40ca.html]
[whc.peacefulqode.com/cart6beb.html]
[whc.peacefulqode.com/cartfc74.html]
[whc.peacefulqode.com/cartba50.html]
[whc.peacefulqode.com/cartaccd.html]
[whc.peacefulqode.com/cart84e2.html]
[whc.peacefulqode.com/cart57dc.html]
[whc.peacefulqode.com/cart8797.html]
[whc.peacefulqode.com/cart512f.html]
[whc.peacefulqode.com/cart1795.html]
[whc.peacefulqode.com/cart2029.html]
[whc.peacefulqode.com/cart43a1.html]
[whc.peacefulqode.com/cartc5b6.html]
[whc.peacefulqode.com/cart7374.html]
[whc.peacefulqode.com/cartca03.html]
[whc.peacefulqode.com/cart6f4e.html]
[whc.peacefulqode.com/cartb159.html]
[whc.peacefulqode.com/cart1e16.html]
[whc.peacefulqode.com/cart917d.html]
[whc.peacefulqode.com/cart9843.html]
[whc.peacefulqode.com/cart8747.html]
[whc.peacefulqode.com/cart275d.html]
[whc.peacefulqode.com/cart104f.html]
[whc.peacefulqode.com/cart2594.html]
[whc.peacefulqode.com/cart6d6e.html]
[whc.peacefulqode.com/cart4813.html]
[whc.peacefulqode.com/cart0947.html]
[whc.peacefulqode.com/cartab62.html]
[whc.peacefulqode.com/cart1fc3.html]
[whc.peacefulqode.com/cart7160.html]
[whc.peacefulqode.com/cartd44a.html]
[whc.peacefulqode.com/carta776.html]
[whc.peacefulqode.com/cart3ce6.html]
[whc.peacefulqode.com/cart17c8.html]
[whc.peacefulqode.com/cart147e.html]
[whc.peacefulqode.com/cartf8aa.html]
[whc.peacefulqode.com/cart00a0.html]
[whc.peacefulqode.com/cart3eb6.html]
[whc.peacefulqode.com/cart7c76.html]
[whc.peacefulqode.com/announcementsed62.html]
[whc.peacefulqode.com/announcements2a07.html]
[whc.peacefulqode.com/announcementsac7b.html]
[whc.peacefulqode.com/announcementsb719.html]
[whc.peacefulqode.com/announcements3e07.html]
[whc.peacefulqode.com/announcements1ff1.html]
[whc.peacefulqode.com/announcements6c6e.html]
[whc.peacefulqode.com/announcementsfb36.html]
[whc.peacefulqode.com/announcements59a8.html]
[whc.peacefulqode.com/announcementsa384.html]
[whc.peacefulqode.com/announcements1bad.html]
[whc.peacefulqode.com/announcements983d.html]
[whc.peacefulqode.com/announcements28d4.html]
[whc.peacefulqode.com/announcementsd9af.html]
[whc.peacefulqode.com/announcements0494.html]
[whc.peacefulqode.com/announcements6e5a.html]
[whc.peacefulqode.com/announcementsb2fa.html]
[whc.peacefulqode.com/announcementsfcce.html]
[whc.peacefulqode.com/announcements26ea.html]
[whc.peacefulqode.com/announcements6a35.html]
[whc.peacefulqode.com/announcementsa582.html]
[whc.peacefulqode.com/announcementsb57d.html]
[whc.peacefulqode.com/announcementsad1d.html]
[whc.peacefulqode.com/announcements7fac.html]
[whc.peacefulqode.com/announcementsac68.html]
[whc.peacefulqode.com/announcementsc941.html]
[whc.peacefulqode.com/announcements/view/2021-03.html]
[whc.peacefulqode.com/announcements/view/older.html]
[whc.peacefulqode.com/announcements/rss]
[whc.peacefulqode.com/download.html]
[whc.peacefulqode.com/announcements.html]
[whc.peacefulqode.com/knowledgebaseed62.html]
[whc.peacefulqode.com/knowledgebase2a07.html]
[whc.peacefulqode.com/knowledgebaseac7b.html]
[whc.peacefulqode.com/knowledgebaseb719.html]
[whc.peacefulqode.com/knowledgebase3e07.html]
[whc.peacefulqode.com/knowledgebase1ff1.html]
[whc.peacefulqode.com/knowledgebase6c6e.html]
[whc.peacefulqode.com/knowledgebasefb36.html]
[whc.peacefulqode.com/knowledgebase59a8.html]
[whc.peacefulqode.com/knowledgebasea384.html]
[whc.peacefulqode.com/knowledgebase1bad.html]
[whc.peacefulqode.com/knowledgebase983d.html]
[whc.peacefulqode.com/knowledgebase28d4.html]
[whc.peacefulqode.com/knowledgebased9af.html]
[whc.peacefulqode.com/knowledgebase0494.html]
[whc.peacefulqode.com/knowledgebase6e5a.html]
[whc.peacefulqode.com/knowledgebaseb2fa.html]
[whc.peacefulqode.com/knowledgebasefcce.html]
[whc.peacefulqode.com/knowledgebase26ea.html]
[whc.peacefulqode.com/knowledgebase6a35.html]
[whc.peacefulqode.com/knowledgebasea582.html]
[whc.peacefulqode.com/knowledgebaseb57d.html]
[whc.peacefulqode.com/knowledgebasead1d.html]
[whc.peacefulqode.com/knowledgebase7fac.html]
[whc.peacefulqode.com/knowledgebaseac68.html]
[whc.peacefulqode.com/knowledgebasec941.html]
[whc.peacefulqode.com/knowledgebase.html]
[whc.peacefulqode.com/password/reseted62.html]
[whc.peacefulqode.com/password/reset2a07.html]
[whc.peacefulqode.com/password/resetac7b.html]
[whc.peacefulqode.com/password/resetb719.html]
[whc.peacefulqode.com/password/reset3e07.html]
[whc.peacefulqode.com/password/reset1ff1.html]
[whc.peacefulqode.com/password/reset6c6e.html]
[whc.peacefulqode.com/password/resetfb36.html]
[whc.peacefulqode.com/password/reset59a8.html]
[whc.peacefulqode.com/password/reseta384.html]
[whc.peacefulqode.com/password/reset1bad.html]
[whc.peacefulqode.com/password/reset983d.html]
[whc.peacefulqode.com/password/reset28d4.html]
[whc.peacefulqode.com/password/resetd9af.html]
[whc.peacefulqode.com/password/reset0494.html]
[whc.peacefulqode.com/password/reset6e5a.html]
[whc.peacefulqode.com/password/resetb2fa.html]
[whc.peacefulqode.com/password/resetfcce.html]
[whc.peacefulqode.com/password/reset26ea.html]
[whc.peacefulqode.com/password/reset6a35.html]
[whc.peacefulqode.com/password/reseta582.html]
[whc.peacefulqode.com/password/resetb57d.html]
[whc.peacefulqode.com/password/resetad1d.html]
[whc.peacefulqode.com/password/reset7fac.html]
[whc.peacefulqode.com/password/resetac68.html]
[whc.peacefulqode.com/password/resetc941.html]
[whc.peacefulqode.com/password/reset.html]
[whc.peacefulqode.com/submitticketed62.html]
[whc.peacefulqode.com/submitticket2a07.html]
[whc.peacefulqode.com/submitticketac7b.html]
[whc.peacefulqode.com/submitticketb719.html]
[whc.peacefulqode.com/submitticket3e07.html]
[whc.peacefulqode.com/submitticket1ff1.html]
[whc.peacefulqode.com/submitticket6c6e.html]
[whc.peacefulqode.com/submitticketfb36.html]
[whc.peacefulqode.com/submitticket59a8.html]
[whc.peacefulqode.com/submitticketa384.html]
[whc.peacefulqode.com/submitticket1bad.html]
[whc.peacefulqode.com/submitticket983d.html]
[whc.peacefulqode.com/submitticket28d4.html]
[whc.peacefulqode.com/submitticketd9af.html]
[whc.peacefulqode.com/submitticket0494.html]
[whc.peacefulqode.com/submitticket6e5a.html]
[whc.peacefulqode.com/submitticketb2fa.html]
[whc.peacefulqode.com/submitticketfcce.html]
[whc.peacefulqode.com/submitticket26ea.html]
[whc.peacefulqode.com/submitticket6a35.html]
[whc.peacefulqode.com/submitticketa582.html]
[whc.peacefulqode.com/submitticketb57d.html]
[whc.peacefulqode.com/submitticketad1d.html]
[whc.peacefulqode.com/submitticket7fac.html]
[whc.peacefulqode.com/submitticketac68.html]
[whc.peacefulqode.com/submitticketc941.html]
[whc.peacefulqode.com/submitticket.html]
[whc.peacefulqode.com/announcements/1/Thank-you-for-choosing-WHMCSed62.html]
[whc.peacefulqode.com/announcements/1/Thank-you-for-choosing-WHMCS2a07.html]
[whc.peacefulqode.com/announcements/1/Thank-you-for-choosing-WHMCSac7b.html]
[whc.peacefulqode.com/announcements/1/Thank-you-for-choosing-WHMCSb719.html]
[whc.peacefulqode.com/announcements/1/Thank-you-for-choosing-WHMCS3e07.html]
[whc.peacefulqode.com/announcements/1/Thank-you-for-choosing-WHMCS1ff1.html]
[whc.peacefulqode.com/announcements/1/Thank-you-for-choosing-WHMCS6c6e.html]
[whc.peacefulqode.com/announcements/1/Thank-you-for-choosing-WHMCSfb36.html]
[whc.peacefulqode.com/announcements/1/Thank-you-for-choosing-WHMCS59a8.html]
[whc.peacefulqode.com/announcements/1/Thank-you-for-choosing-WHMCSa384.html]
[whc.peacefulqode.com/announcements/1/Thank-you-for-choosing-WHMCS1bad.html]
[whc.peacefulqode.com/announcements/1/Thank-you-for-choosing-WHMCS983d.html]
[whc.peacefulqode.com/announcements/1/Thank-you-for-choosing-WHMCS28d4.html]
[whc.peacefulqode.com/announcements/1/Thank-you-for-choosing-WHMCSd9af.html]
[whc.peacefulqode.com/announcements/1/Thank-you-for-choosing-WHMCS0494.html]
[whc.peacefulqode.com/announcements/1/Thank-you-for-choosing-WHMCS6e5a.html]
[whc.peacefulqode.com/announcements/1/Thank-you-for-choosing-WHMCSb2fa.html]
[whc.peacefulqode.com/announcements/1/Thank-you-for-choosing-WHMCSfcce.html]
[whc.peacefulqode.com/announcements/1/Thank-you-for-choosing-WHMCS26ea.html]
[whc.peacefulqode.com/announcements/1/Thank-you-for-choosing-WHMCS6a35.html]
[whc.peacefulqode.com/announcements/1/Thank-you-for-choosing-WHMCSa582.html]
[whc.peacefulqode.com/announcements/1/Thank-you-for-choosing-WHMCSb57d.html]
[whc.peacefulqode.com/announcements/1/Thank-you-for-choosing-WHMCSad1d.html]
[whc.peacefulqode.com/announcements/1/Thank-you-for-choosing-WHMCS7fac.html]
[whc.peacefulqode.com/announcements/1/Thank-you-for-choosing-WHMCSac68.html]
[whc.peacefulqode.com/announcements/1/Thank-you-for-choosing-WHMCSc941.html]
[whc.peacefulqode.com/announcements/1/Thank-you-for-choosing-WHMCS.html]
[whc.peacefulqode.com/assets/img/overlay-spinner.svg]
[whc.peacefulqode.com/assets/img/clippy.svg]
[whc.peacefulqode.com/templates/six/fonts/glyphicons-halflings-regular.svg]
[whc.peacefulqode.com/assets/webfonts/fa-brands-400.svg]
[whc.peacefulqode.com/assets/webfonts/fa-duotone-900.svg]
[whc.peacefulqode.com/assets/webfonts/fa-light-300.svg]
[whc.peacefulqode.com/assets/webfonts/fa-regular-400.svg]
[whc.peacefulqode.com/assets/webfonts/fa-solid-900.svg]
[whc.peacefulqode.com/logined62.html]
[whc.peacefulqode.com/login2a07.html]
[whc.peacefulqode.com/loginac7b.html]
[whc.peacefulqode.com/loginb719.html]
[whc.peacefulqode.com/login3e07.html]
[whc.peacefulqode.com/login1ff1.html]
[whc.peacefulqode.com/login6c6e.html]
[whc.peacefulqode.com/loginfb36.html]
[whc.peacefulqode.com/login59a8.html]
[whc.peacefulqode.com/logina384.html]
[whc.peacefulqode.com/login1bad.html]
[whc.peacefulqode.com/login983d.html]
[whc.peacefulqode.com/login28d4.html]
[whc.peacefulqode.com/logind9af.html]
[whc.peacefulqode.com/login0494.html]
[whc.peacefulqode.com/login6e5a.html]
[whc.peacefulqode.com/loginb2fa.html]
[whc.peacefulqode.com/loginfcce.html]
[whc.peacefulqode.com/login26ea.html]
[whc.peacefulqode.com/login6a35.html]
[whc.peacefulqode.com/logina582.html]
[whc.peacefulqode.com/loginb57d.html]
[whc.peacefulqode.com/loginad1d.html]
[whc.peacefulqode.com/login7fac.html]
[whc.peacefulqode.com/loginac68.html]
[whc.peacefulqode.com/loginc941.html]
[whc.peacefulqode.com/registered62.html]
[whc.peacefulqode.com/register2a07.html]
[whc.peacefulqode.com/registerac7b.html]
[whc.peacefulqode.com/registerb719.html]
[whc.peacefulqode.com/register3e07.html]
[whc.peacefulqode.com/register1ff1.html]
[whc.peacefulqode.com/register6c6e.html]
[whc.peacefulqode.com/registerfb36.html]
[whc.peacefulqode.com/register59a8.html]
[whc.peacefulqode.com/registera384.html]
[whc.peacefulqode.com/register1bad.html]
[whc.peacefulqode.com/register983d.html]
[whc.peacefulqode.com/register28d4.html]
[whc.peacefulqode.com/registerd9af.html]
[whc.peacefulqode.com/register0494.html]
[whc.peacefulqode.com/register6e5a.html]
[whc.peacefulqode.com/registerb2fa.html]
[whc.peacefulqode.com/registerfcce.html]
[whc.peacefulqode.com/register26ea.html]
[whc.peacefulqode.com/register6a35.html]
[whc.peacefulqode.com/registera582.html]
[whc.peacefulqode.com/registerb57d.html]
[whc.peacefulqode.com/registerad1d.html]
[whc.peacefulqode.com/register7fac.html]
[whc.peacefulqode.com/registerac68.html]
[whc.peacefulqode.com/registerc941.html]
[whc.peacefulqode.com/cart928e.html]
[whc.peacefulqode.com/cartce43.html]
[whc.peacefulqode.com/cart0931.html]
[whc.peacefulqode.com/cart2a18.html]
[whc.peacefulqode.com/cart73df.html]
[whc.peacefulqode.com/cart8352.html]
[whc.peacefulqode.com/cart59bd.html]
[whc.peacefulqode.com/cartffb7.html]
[whc.peacefulqode.com/cart5b2e.html]
[whc.peacefulqode.com/cart0446.html]
[whc.peacefulqode.com/cart4cb6.html]
[whc.peacefulqode.com/cart1c01.html]
[whc.peacefulqode.com/cart479c.html]
[whc.peacefulqode.com/cart1a62.html]
[whc.peacefulqode.com/cart3c36.html]
[whc.peacefulqode.com/cart7e78.html]
[whc.peacefulqode.com/cart0973.html]
[whc.peacefulqode.com/cart6c4f.html]
[whc.peacefulqode.com/cart1788.html]
[whc.peacefulqode.com/carta0a9.html]
[whc.peacefulqode.com/carte0ed.html]
[whc.peacefulqode.com/cartfb6c.html]
[whc.peacefulqode.com/cartd0ba.html]
[whc.peacefulqode.com/cart65fc.html]
[whc.peacefulqode.com/cart9665.html]
[whc.peacefulqode.com/cart2dc6.html]
[whc.peacefulqode.com/templates/orderforms/standard_cart/img/globe.png]
[whc.peacefulqode.com/templates/orderforms/standard_cart/css/blue.png]
[whc.peacefulqode.com/templates/orderforms/standard_cart/css/blue@2x.png]
[whc.peacefulqode.com/templates/orderforms/standard_cart/css/all.minf946.css]
[whc.peacefulqode.com/cartae1c.html]
[whc.peacefulqode.com/cart633f.html]
[whc.peacefulqode.com/cartfe11.html]
[whc.peacefulqode.com/cartdf2a.html]
[whc.peacefulqode.com/cartb77f.html]
[whc.peacefulqode.com/cart3199.html]
[whc.peacefulqode.com/cart15d4.html]
[whc.peacefulqode.com/cartd5c3.html]
[whc.peacefulqode.com/cart1042.html]
[whc.peacefulqode.com/cart985a.html]
[whc.peacefulqode.com/cart79b0.html]
[whc.peacefulqode.com/cartbd91.html]
[whc.peacefulqode.com/cartfa95.html]
[whc.peacefulqode.com/cart09f7.html]
[whc.peacefulqode.com/cartddce.html]
[whc.peacefulqode.com/cart3657.html]
[whc.peacefulqode.com/cartc87c.html]
[whc.peacefulqode.com/cart8b50.html]
[whc.peacefulqode.com/cartacd7.html]
[whc.peacefulqode.com/cart0559.html]
[whc.peacefulqode.com/cartd4fd.html]
[whc.peacefulqode.com/cart4965.html]
[whc.peacefulqode.com/cartb6d9.html]
[whc.peacefulqode.com/cart8845.html]
[whc.peacefulqode.com/cart38bd.html]
[whc.peacefulqode.com/cart0973-2.html]
[whc.peacefulqode.com/indexed62-2.html]
[whc.peacefulqode.com/index2a07-2.html]
[whc.peacefulqode.com/indexac7b-2.html]
[whc.peacefulqode.com/indexb719-2.html]
[whc.peacefulqode.com/index3e07-2.html]
[whc.peacefulqode.com/cart7f37.html]
[whc.peacefulqode.com/index1ff1-2.html]
[whc.peacefulqode.com/index6c6e-2.html]
[whc.peacefulqode.com/indexfb36-2.html]
[whc.peacefulqode.com/index59a8-2.html]
[whc.peacefulqode.com/indexa384-2.html]
[whc.peacefulqode.com/index1bad-2.html]
[whc.peacefulqode.com/index983d-2.html]
[whc.peacefulqode.com/index28d4-2.html]
[whc.peacefulqode.com/indexd9af-2.html]
[whc.peacefulqode.com/index0494-2.html]
[whc.peacefulqode.com/index6e5a-2.html]
[whc.peacefulqode.com/indexb2fa-2.html]
[whc.peacefulqode.com/indexfcce-2.html]
[whc.peacefulqode.com/index26ea-2.html]
[whc.peacefulqode.com/index6a35-2.html]
[whc.peacefulqode.com/indexa582-2.html]
[whc.peacefulqode.com/indexb57d-2.html]
[whc.peacefulqode.com/indexad1d-2.html]
[whc.peacefulqode.com/index7fac-2.html]
[whc.peacefulqode.com/indexac68-2.html]
[whc.peacefulqode.com/indexc941-2.html]
[whc.peacefulqode.com/storeed62.html]
[whc.peacefulqode.com/store2a07.html]
[whc.peacefulqode.com/storeac7b.html]
[whc.peacefulqode.com/storeb719.html]
[whc.peacefulqode.com/store3e07.html]
[whc.peacefulqode.com/store1ff1.html]
[whc.peacefulqode.com/store6c6e.html]
[whc.peacefulqode.com/storefb36.html]
[whc.peacefulqode.com/store59a8.html]
[whc.peacefulqode.com/storea384.html]
[whc.peacefulqode.com/store1bad.html]
[whc.peacefulqode.com/store983d.html]
[whc.peacefulqode.com/store28d4.html]
[whc.peacefulqode.com/stored9af.html]
[whc.peacefulqode.com/store0494.html]
[whc.peacefulqode.com/store6e5a.html]
[whc.peacefulqode.com/storeb2fa.html]
[whc.peacefulqode.com/storefcce.html]
[whc.peacefulqode.com/store26ea.html]
[whc.peacefulqode.com/store6a35.html]
[whc.peacefulqode.com/storea582.html]
[whc.peacefulqode.com/storeb57d.html]
[whc.peacefulqode.com/storead1d.html]
[whc.peacefulqode.com/store7fac.html]
[whc.peacefulqode.com/storeac68.html]
[whc.peacefulqode.com/storec941.html]
[whc.peacefulqode.com/cartf02c.html]
[whc.peacefulqode.com/cart67bd.html]
[whc.peacefulqode.com/cartaacd.html]
[whc.peacefulqode.com/cart1eee.html]
[whc.peacefulqode.com/cartbdc4.html]
[whc.peacefulqode.com/cart68cd.html]
[whc.peacefulqode.com/cartc40b.html]
[whc.peacefulqode.com/cart840c.html]
[whc.peacefulqode.com/cart812e.html]
[whc.peacefulqode.com/cart4dd8.html]
[whc.peacefulqode.com/cart65b6.html]
[whc.peacefulqode.com/cart1206.html]
[whc.peacefulqode.com/cart1507.html]
[whc.peacefulqode.com/cartc657.html]
[whc.peacefulqode.com/cart906d.html]
[whc.peacefulqode.com/cart40ca.html]
[whc.peacefulqode.com/cart6beb.html]
[whc.peacefulqode.com/cartfc74.html]
[whc.peacefulqode.com/cartba50.html]
[whc.peacefulqode.com/cartaccd.html]
[whc.peacefulqode.com/cart84e2.html]
[whc.peacefulqode.com/cart57dc.html]
[whc.peacefulqode.com/cart8797.html]
[whc.peacefulqode.com/cart512f.html]
[whc.peacefulqode.com/cart1795.html]
[whc.peacefulqode.com/cart43a1.html]
[whc.peacefulqode.com/cartc5b6.html]
[whc.peacefulqode.com/cart7374.html]
[whc.peacefulqode.com/cartca03.html]
[whc.peacefulqode.com/cart6f4e.html]
[whc.peacefulqode.com/cartb159.html]
[whc.peacefulqode.com/cart1e16.html]
[whc.peacefulqode.com/cart917d.html]
[whc.peacefulqode.com/cart9843.html]
[whc.peacefulqode.com/cart8747.html]
[whc.peacefulqode.com/cart275d.html]
[whc.peacefulqode.com/cart104f.html]
[whc.peacefulqode.com/cart2594.html]
[whc.peacefulqode.com/cart6d6e.html]
[whc.peacefulqode.com/cart4813.html]
[whc.peacefulqode.com/cart0947.html]
[whc.peacefulqode.com/cartab62.html]
[whc.peacefulqode.com/cart1fc3.html]
[whc.peacefulqode.com/cart7160.html]
[whc.peacefulqode.com/cartd44a.html]
[whc.peacefulqode.com/carta776.html]
[whc.peacefulqode.com/cart3ce6.html]
[whc.peacefulqode.com/cart17c8.html]
[whc.peacefulqode.com/cart147e.html]
[whc.peacefulqode.com/cartf8aa.html]
[whc.peacefulqode.com/cart00a0.html]
[whc.peacefulqode.com/cart3eb6.html]
[whc.peacefulqode.com/announcementsed62.html]
[whc.peacefulqode.com/announcements2a07.html]
[whc.peacefulqode.com/announcementsac7b.html]
[whc.peacefulqode.com/announcementsb719.html]
[whc.peacefulqode.com/announcements3e07.html]
[whc.peacefulqode.com/announcements1ff1.html]
[whc.peacefulqode.com/announcements6c6e.html]
[whc.peacefulqode.com/announcementsfb36.html]
[whc.peacefulqode.com/announcements59a8.html]
[whc.peacefulqode.com/announcementsa384.html]
[whc.peacefulqode.com/announcements1bad.html]
[whc.peacefulqode.com/announcements983d.html]
[whc.peacefulqode.com/announcements28d4.html]
[whc.peacefulqode.com/announcementsd9af.html]
[whc.peacefulqode.com/announcements0494.html]
[whc.peacefulqode.com/announcements6e5a.html]
[whc.peacefulqode.com/announcementsb2fa.html]
[whc.peacefulqode.com/announcementsfcce.html]
[whc.peacefulqode.com/announcements26ea.html]
[whc.peacefulqode.com/announcements6a35.html]
[whc.peacefulqode.com/announcementsa582.html]
[whc.peacefulqode.com/announcementsb57d.html]
[whc.peacefulqode.com/announcementsad1d.html]
[whc.peacefulqode.com/announcements7fac.html]
[whc.peacefulqode.com/announcementsac68.html]
[whc.peacefulqode.com/announcementsc941.html]
[whc.peacefulqode.com/announcements/view/2021-03ed62.html]
[whc.peacefulqode.com/announcements/view/2021-032a07.html]
[whc.peacefulqode.com/announcements/view/2021-03ac7b.html]
[whc.peacefulqode.com/announcements/view/2021-03b719.html]
[whc.peacefulqode.com/announcements/view/2021-033e07.html]
[whc.peacefulqode.com/announcements/view/2021-031ff1.html]
[whc.peacefulqode.com/announcements/view/2021-036c6e.html]
[whc.peacefulqode.com/announcements/view/2021-03fb36.html]
[whc.peacefulqode.com/announcements/view/2021-0359a8.html]
[whc.peacefulqode.com/announcements/view/2021-03a384.html]
[whc.peacefulqode.com/announcements/view/2021-031bad.html]
[whc.peacefulqode.com/announcements/view/2021-03983d.html]
[whc.peacefulqode.com/announcements/view/2021-0328d4.html]
[whc.peacefulqode.com/announcements/view/2021-03d9af.html]
[whc.peacefulqode.com/announcements/view/2021-030494.html]
[whc.peacefulqode.com/announcements/view/2021-036e5a.html]
[whc.peacefulqode.com/announcements/view/2021-03b2fa.html]
[whc.peacefulqode.com/announcements/view/2021-03fcce.html]
[whc.peacefulqode.com/announcements/view/2021-0326ea.html]
[whc.peacefulqode.com/announcements/view/2021-036a35.html]
[whc.peacefulqode.com/announcements/view/2021-03a582.html]
[whc.peacefulqode.com/announcements/view/2021-03b57d.html]
[whc.peacefulqode.com/announcements/view/2021-03ad1d.html]
[whc.peacefulqode.com/announcements/view/2021-037fac.html]
[whc.peacefulqode.com/announcements/view/2021-03ac68.html]
[whc.peacefulqode.com/announcements/view/2021-03c941.html]
[whc.peacefulqode.com/announcements/view/2021-03.html]
[whc.peacefulqode.com/announcements/view/oldered62.html]
[whc.peacefulqode.com/announcements/view/older2a07.html]
[whc.peacefulqode.com/announcements/view/olderac7b.html]
[whc.peacefulqode.com/announcements/view/olderb719.html]
[whc.peacefulqode.com/announcements/view/older3e07.html]
[whc.peacefulqode.com/announcements/view/older1ff1.html]
[whc.peacefulqode.com/announcements/view/older6c6e.html]
[whc.peacefulqode.com/announcements/view/olderfb36.html]
[whc.peacefulqode.com/announcements/view/older59a8.html]
[whc.peacefulqode.com/announcements/view/oldera384.html]
[whc.peacefulqode.com/announcements/view/older1bad.html]
[whc.peacefulqode.com/announcements/view/older983d.html]
[whc.peacefulqode.com/announcements/view/older28d4.html]
[whc.peacefulqode.com/announcements/view/olderd9af.html]
[whc.peacefulqode.com/announcements/view/older0494.html]
[whc.peacefulqode.com/announcements/view/older6e5a.html]
[whc.peacefulqode.com/announcements/view/olderb2fa.html]
[whc.peacefulqode.com/announcements/view/olderfcce.html]
[whc.peacefulqode.com/announcements/view/older26ea.html]
[whc.peacefulqode.com/announcements/view/older6a35.html]
[whc.peacefulqode.com/announcements/view/oldera582.html]
[whc.peacefulqode.com/announcements/view/olderb57d.html]
[whc.peacefulqode.com/announcements/view/olderad1d.html]
[whc.peacefulqode.com/announcements/view/older7fac.html]
[whc.peacefulqode.com/announcements/view/olderac68.html]
[whc.peacefulqode.com/announcements/view/olderc941.html]
[whc.peacefulqode.com/announcements/view/older.html]
[whc.peacefulqode.com/downloaded62.html]
[whc.peacefulqode.com/download2a07.html]
[whc.peacefulqode.com/downloadac7b.html]
[whc.peacefulqode.com/downloadb719.html]
[whc.peacefulqode.com/download3e07.html]
[whc.peacefulqode.com/download1ff1.html]
[whc.peacefulqode.com/download6c6e.html]
[whc.peacefulqode.com/downloadfb36.html]
[whc.peacefulqode.com/download59a8.html]
[whc.peacefulqode.com/downloada384.html]
[whc.peacefulqode.com/download1bad.html]
[whc.peacefulqode.com/download983d.html]
[whc.peacefulqode.com/download28d4.html]
[whc.peacefulqode.com/downloadd9af.html]
[whc.peacefulqode.com/download0494.html]
[whc.peacefulqode.com/download6e5a.html]
[whc.peacefulqode.com/downloadb2fa.html]
[whc.peacefulqode.com/downloadfcce.html]
[whc.peacefulqode.com/download26ea.html]
[whc.peacefulqode.com/download6a35.html]
[whc.peacefulqode.com/downloada582.html]
[whc.peacefulqode.com/downloadb57d.html]
[whc.peacefulqode.com/downloadad1d.html]
[whc.peacefulqode.com/download7fac.html]
[whc.peacefulqode.com/downloadac68.html]
[whc.peacefulqode.com/downloadc941.html]
[whc.peacefulqode.com/download.html]
[whc.peacefulqode.com/knowledgebaseed62.html]
[whc.peacefulqode.com/knowledgebase2a07.html]
[whc.peacefulqode.com/knowledgebaseac7b.html]
[whc.peacefulqode.com/knowledgebaseb719.html]
[whc.peacefulqode.com/knowledgebase3e07.html]
[whc.peacefulqode.com/knowledgebase1ff1.html]
[whc.peacefulqode.com/knowledgebase6c6e.html]
[whc.peacefulqode.com/knowledgebasefb36.html]
[whc.peacefulqode.com/knowledgebase59a8.html]
[whc.peacefulqode.com/knowledgebasea384.html]
[whc.peacefulqode.com/knowledgebase1bad.html]
[whc.peacefulqode.com/knowledgebase983d.html]
[whc.peacefulqode.com/knowledgebase28d4.html]
[whc.peacefulqode.com/knowledgebased9af.html]
[whc.peacefulqode.com/knowledgebase0494.html]
[whc.peacefulqode.com/knowledgebase6e5a.html]
[whc.peacefulqode.com/knowledgebaseb2fa.html]
[whc.peacefulqode.com/knowledgebasefcce.html]
[whc.peacefulqode.com/knowledgebase26ea.html]
[whc.peacefulqode.com/knowledgebase6a35.html]
[whc.peacefulqode.com/knowledgebasea582.html]
[whc.peacefulqode.com/knowledgebaseb57d.html]
[whc.peacefulqode.com/knowledgebasead1d.html]
[whc.peacefulqode.com/knowledgebase7fac.html]
[whc.peacefulqode.com/knowledgebaseac68.html]
[whc.peacefulqode.com/knowledgebasec941.html]
[whc.peacefulqode.com/password/reseted62.html]
[whc.peacefulqode.com/password/reset2a07.html]
[whc.peacefulqode.com/password/resetac7b.html]
[whc.peacefulqode.com/password/resetb719.html]
[whc.peacefulqode.com/password/reset3e07.html]
[whc.peacefulqode.com/password/reset1ff1.html]
[whc.peacefulqode.com/password/reset6c6e.html]
[whc.peacefulqode.com/password/resetfb36.html]
[whc.peacefulqode.com/password/reset59a8.html]
[whc.peacefulqode.com/password/reseta384.html]
[whc.peacefulqode.com/password/reset1bad.html]
[whc.peacefulqode.com/password/reset983d.html]
[whc.peacefulqode.com/password/reset28d4.html]
[whc.peacefulqode.com/password/resetd9af.html]
[whc.peacefulqode.com/password/reset0494.html]
[whc.peacefulqode.com/password/reset6e5a.html]
[whc.peacefulqode.com/password/resetb2fa.html]
[whc.peacefulqode.com/password/resetfcce.html]
[whc.peacefulqode.com/password/reset26ea.html]
[whc.peacefulqode.com/password/reset6a35.html]
[whc.peacefulqode.com/password/reseta582.html]
[whc.peacefulqode.com/password/resetb57d.html]
[whc.peacefulqode.com/password/resetad1d.html]
[whc.peacefulqode.com/password/reset7fac.html]
[whc.peacefulqode.com/password/resetac68.html]
[whc.peacefulqode.com/password/resetc941.html]
[whc.peacefulqode.com/submitticketed62.html]
[whc.peacefulqode.com/submitticket2a07.html]
[whc.peacefulqode.com/submitticketac7b.html]
[whc.peacefulqode.com/submitticketb719.html]
[whc.peacefulqode.com/submitticket3e07.html]
[whc.peacefulqode.com/submitticket1ff1.html]
[whc.peacefulqode.com/submitticket6c6e.html]
[whc.peacefulqode.com/submitticketfb36.html]
[whc.peacefulqode.com/submitticket59a8.html]
[whc.peacefulqode.com/submitticketa384.html]
[whc.peacefulqode.com/submitticket1bad.html]
[whc.peacefulqode.com/submitticket983d.html]
[whc.peacefulqode.com/submitticket28d4.html]
[whc.peacefulqode.com/submitticketd9af.html]
[whc.peacefulqode.com/submitticket0494.html]
[whc.peacefulqode.com/submitticket6e5a.html]
[whc.peacefulqode.com/submitticketb2fa.html]
[whc.peacefulqode.com/submitticketfcce.html]
[whc.peacefulqode.com/submitticket26ea.html]
[whc.peacefulqode.com/submitticket6a35.html]
[whc.peacefulqode.com/submitticketa582.html]
[whc.peacefulqode.com/submitticketb57d.html]
[whc.peacefulqode.com/submitticketad1d.html]
[whc.peacefulqode.com/submitticket7fac.html]
[whc.peacefulqode.com/submitticketac68.html]
[whc.peacefulqode.com/submitticketc941.html]
[whc.peacefulqode.com/announcements/1/Thank-you-for-choosing-WHMCSed62.html]
[whc.peacefulqode.com/announcements/1/Thank-you-for-choosing-WHMCS2a07.html]
[whc.peacefulqode.com/announcements/1/Thank-you-for-choosing-WHMCSac7b.html]
[whc.peacefulqode.com/announcements/1/Thank-you-for-choosing-WHMCSb719.html]
[whc.peacefulqode.com/announcements/1/Thank-you-for-choosing-WHMCS3e07.html]
[whc.peacefulqode.com/announcements/1/Thank-you-for-choosing-WHMCS1ff1.html]
[whc.peacefulqode.com/announcements/1/Thank-you-for-choosing-WHMCS6c6e.html]
[whc.peacefulqode.com/announcements/1/Thank-you-for-choosing-WHMCSfb36.html]
[whc.peacefulqode.com/announcements/1/Thank-you-for-choosing-WHMCS59a8.html]
[whc.peacefulqode.com/announcements/1/Thank-you-for-choosing-WHMCSa384.html]
[whc.peacefulqode.com/announcements/1/Thank-you-for-choosing-WHMCS1bad.html]
[whc.peacefulqode.com/announcements/1/Thank-you-for-choosing-WHMCS983d.html]
[whc.peacefulqode.com/announcements/1/Thank-you-for-choosing-WHMCS28d4.html]
[whc.peacefulqode.com/announcements/1/Thank-you-for-choosing-WHMCSd9af.html]
[whc.peacefulqode.com/announcements/1/Thank-you-for-choosing-WHMCS0494.html]
[whc.peacefulqode.com/announcements/1/Thank-you-for-choosing-WHMCS6e5a.html]
[whc.peacefulqode.com/announcements/1/Thank-you-for-choosing-WHMCSb2fa.html]
[whc.peacefulqode.com/announcements/1/Thank-you-for-choosing-WHMCSfcce.html]
[whc.peacefulqode.com/announcements/1/Thank-you-for-choosing-WHMCS26ea.html]
[whc.peacefulqode.com/announcements/1/Thank-you-for-choosing-WHMCS6a35.html]
[whc.peacefulqode.com/announcements/1/Thank-you-for-choosing-WHMCSa582.html]
[whc.peacefulqode.com/announcements/1/Thank-you-for-choosing-WHMCSb57d.html]
[whc.peacefulqode.com/announcements/1/Thank-you-for-choosing-WHMCSad1d.html]
[whc.peacefulqode.com/announcements/1/Thank-you-for-choosing-WHMCS7fac.html]
[whc.peacefulqode.com/announcements/1/Thank-you-for-choosing-WHMCSac68.html]
[whc.peacefulqode.com/announcements/1/Thank-you-for-choosing-WHMCSc941.html]
[whc.peacefulqode.com/cartae1c.html]
[whc.peacefulqode.com/cart633f.html]
[whc.peacefulqode.com/cartfe11.html]
[whc.peacefulqode.com/cartdf2a.html]
[whc.peacefulqode.com/cartb77f.html]
[whc.peacefulqode.com/cart3199.html]
[whc.peacefulqode.com/cart15d4.html]
[whc.peacefulqode.com/cartd5c3.html]
[whc.peacefulqode.com/cart1042.html]
[whc.peacefulqode.com/cart985a.html]
[whc.peacefulqode.com/cart79b0.html]
[whc.peacefulqode.com/cartbd91.html]
[whc.peacefulqode.com/cartfa95.html]
[whc.peacefulqode.com/cart09f7.html]
[whc.peacefulqode.com/cartddce.html]
[whc.peacefulqode.com/cart3657.html]
[whc.peacefulqode.com/cartc87c.html]
[whc.peacefulqode.com/cart8b50.html]
[whc.peacefulqode.com/cartacd7.html]
[whc.peacefulqode.com/cart0559.html]
[whc.peacefulqode.com/cartd4fd.html]
[whc.peacefulqode.com/cart4965.html]
[whc.peacefulqode.com/cartb6d9.html]
[whc.peacefulqode.com/cart8845.html]
[whc.peacefulqode.com/cart38bd.html]
[whc.peacefulqode.com/cart7f37.html]
[whc.peacefulqode.com/announcements/view/2021-03ed62.html]
[whc.peacefulqode.com/announcements/view/2021-032a07.html]
[whc.peacefulqode.com/announcements/view/2021-03ac7b.html]
[whc.peacefulqode.com/announcements/view/2021-03b719.html]
[whc.peacefulqode.com/announcements/view/2021-033e07.html]
[whc.peacefulqode.com/announcements/view/2021-031ff1.html]
[whc.peacefulqode.com/announcements/view/2021-036c6e.html]
[whc.peacefulqode.com/announcements/view/2021-03fb36.html]
[whc.peacefulqode.com/announcements/view/2021-0359a8.html]
[whc.peacefulqode.com/announcements/view/2021-03a384.html]
[whc.peacefulqode.com/announcements/view/2021-031bad.html]
[whc.peacefulqode.com/announcements/view/2021-03983d.html]
[whc.peacefulqode.com/announcements/view/2021-0328d4.html]
[whc.peacefulqode.com/announcements/view/2021-03d9af.html]
[whc.peacefulqode.com/announcements/view/2021-030494.html]
[whc.peacefulqode.com/announcements/view/2021-036e5a.html]
[whc.peacefulqode.com/announcements/view/2021-03b2fa.html]
[whc.peacefulqode.com/announcements/view/2021-03fcce.html]
[whc.peacefulqode.com/announcements/view/2021-0326ea.html]
[whc.peacefulqode.com/announcements/view/2021-036a35.html]
[whc.peacefulqode.com/announcements/view/2021-03a582.html]
[whc.peacefulqode.com/announcements/view/2021-03b57d.html]
[whc.peacefulqode.com/announcements/view/2021-03ad1d.html]
[whc.peacefulqode.com/announcements/view/2021-037fac.html]
[whc.peacefulqode.com/announcements/view/2021-03ac68.html]
[whc.peacefulqode.com/announcements/view/2021-03c941.html]
[whc.peacefulqode.com/announcements/view/oldered62.html]
[whc.peacefulqode.com/announcements/view/older2a07.html]
[whc.peacefulqode.com/announcements/view/olderac7b.html]
[whc.peacefulqode.com/announcements/view/olderb719.html]
[whc.peacefulqode.com/announcements/view/older3e07.html]
[whc.peacefulqode.com/announcements/view/older1ff1.html]
[whc.peacefulqode.com/announcements/view/older6c6e.html]
[whc.peacefulqode.com/announcements/view/olderfb36.html]
[whc.peacefulqode.com/announcements/view/older59a8.html]
[whc.peacefulqode.com/announcements/view/oldera384.html]
[whc.peacefulqode.com/announcements/view/older1bad.html]
[whc.peacefulqode.com/announcements/view/older983d.html]
[whc.peacefulqode.com/announcements/view/older28d4.html]
[whc.peacefulqode.com/announcements/view/olderd9af.html]
[whc.peacefulqode.com/announcements/view/older0494.html]
[whc.peacefulqode.com/announcements/view/older6e5a.html]
[whc.peacefulqode.com/announcements/view/olderb2fa.html]
[whc.peacefulqode.com/announcements/view/olderfcce.html]
[whc.peacefulqode.com/announcements/view/older26ea.html]
[whc.peacefulqode.com/announcements/view/older6a35.html]
[whc.peacefulqode.com/announcements/view/oldera582.html]
[whc.peacefulqode.com/announcements/view/olderb57d.html]
[whc.peacefulqode.com/announcements/view/olderad1d.html]
[whc.peacefulqode.com/announcements/view/older7fac.html]
[whc.peacefulqode.com/announcements/view/olderac68.html]
[whc.peacefulqode.com/announcements/view/olderc941.html]
[whc.peacefulqode.com/downloaded62.html]
[whc.peacefulqode.com/download2a07.html]
[whc.peacefulqode.com/downloadac7b.html]
[whc.peacefulqode.com/downloadb719.html]
[whc.peacefulqode.com/download3e07.html]
[whc.peacefulqode.com/download1ff1.html]
[whc.peacefulqode.com/download6c6e.html]
[whc.peacefulqode.com/downloadfb36.html]
[whc.peacefulqode.com/download59a8.html]
[whc.peacefulqode.com/downloada384.html]
[whc.peacefulqode.com/download1bad.html]
[whc.peacefulqode.com/download983d.html]
[whc.peacefulqode.com/download28d4.html]
[whc.peacefulqode.com/downloadd9af.html]
[whc.peacefulqode.com/download0494.html]
[whc.peacefulqode.com/download6e5a.html]
[whc.peacefulqode.com/downloadb2fa.html]
[whc.peacefulqode.com/downloadfcce.html]
[whc.peacefulqode.com/download26ea.html]
[whc.peacefulqode.com/download6a35.html]
[whc.peacefulqode.com/downloada582.html]
[whc.peacefulqode.com/downloadb57d.html]
[whc.peacefulqode.com/downloadad1d.html]
[whc.peacefulqode.com/download7fac.html]
[whc.peacefulqode.com/downloadac68.html]
[whc.peacefulqode.com/downloadc941.html]
[whc.peacefulqode.com/contact.html]
